============================= test session starts =============================
platform win32 -- Python 3.12.6, pytest-8.3.4, pluggy-1.5.0 -- C:\Python312\python.exe
cachedir: .pytest_cache
rootdir: C:\Users\siddh\Desktop\Projects\File Converter
plugins: anyio-4.8.0, langsmith-0.5.0, docker-3.1.1
collecting ... collected 7 items

tests/test_main.py::test_read_index PASSED                               [ 14%]
tests/test_main.py::test_api_remove_password PASSED                      [ 28%]
tests/test_main.py::test_api_remove_password_wrong_password PASSED       [ 42%]
tests/test_main.py::test_api_convert_to_word PASSED                      [ 57%]
tests/test_main.py::test_download_file PASSED                            [ 71%]
tests/test_main.py::test_download_file_not_found PASSED                  [ 85%]
tests/test_main.py::test_api_heic_to_jpeg PASSED                         [100%]

============================== warnings summary ===============================
..\..\..\AppData\Roaming\Python\Python312\site-packages\starlette\formparsers.py:12
  C:\Users\siddh\AppData\Roaming\Python\Python312\site-packages\starlette\formparsers.py:12: PendingDeprecationWarning: Please use `import python_multipart` instead.
    import multipart

..\..\..\AppData\Roaming\Python\Python312\site-packages\google\protobuf\internal\well_known_types.py:91
  C:\Users\siddh\AppData\Roaming\Python\Python312\site-packages\google\protobuf\internal\well_known_types.py:91: DeprecationWarning: datetime.datetime.utcfromtimestamp() is deprecated and scheduled for removal in a future version. Use timezone-aware objects to represent datetimes in UTC: datetime.datetime.fromtimestamp(timestamp, datetime.UTC).
    _EPOCH_DATETIME_NAIVE = datetime.datetime.utcfromtimestamp(0)

..\..\..\AppData\Roaming\Python\Python312\site-packages\paddle\base\proto\data_feed_pb2.py:18
  C:\Users\siddh\AppData\Roaming\Python\Python312\site-packages\paddle\base\proto\data_feed_pb2.py:18: DeprecationWarning: Call to deprecated create function FileDescriptor(). Note: Create unlinked descriptors is going to go away. Please use get/find descriptors from generated code or query the descriptor_pool.
    DESCRIPTOR = _descriptor.FileDescriptor(

..\..\..\AppData\Roaming\Python\Python312\site-packages\paddle\base\proto\data_feed_pb2.py:36
  C:\Users\siddh\AppData\Roaming\Python\Python312\site-packages\paddle\base\proto\data_feed_pb2.py:36: DeprecationWarning: Call to deprecated create function FieldDescriptor(). Note: Create unlinked descriptors is going to go away. Please use get/find descriptors from generated code or query the descriptor_pool.
    _descriptor.FieldDescriptor(

..\..\..\AppData\Roaming\Python\Python312\site-packages\paddle\base\proto\data_feed_pb2.py:43
  C:\Users\siddh\AppData\Roaming\Python\Python312\site-packages\paddle\base\proto\data_feed_pb2.py:43: DeprecationWarning: Call to deprecated create function FieldDescriptor(). Note: Create unlinked descriptors is going to go away. Please use get/find descriptors from generated code or query the descriptor_pool.
    _descriptor.FieldDescriptor(

..\..\..\AppData\Roaming\Python\Python312\site-packages\paddle\base\proto\data_feed_pb2.py:50
  C:\Users\siddh\AppData\Roaming\Python\Python312\site-packages\paddle\base\proto\data_feed_pb2.py:50: DeprecationWarning: Call to deprecated create function FieldDescriptor(). Note: Create unlinked descriptors is going to go away. Please use get/find descriptors from generated code or query the descriptor_pool.
    _descriptor.FieldDescriptor(

..\..\..\AppData\Roaming\Python\Python312\site-packages\paddle\base\proto\data_feed_pb2.py:57
  C:\Users\siddh\AppData\Roaming\Python\Python312\site-packages\paddle\base\proto\data_feed_pb2.py:57: DeprecationWarning: Call to deprecated create function FieldDescriptor(). Note: Create unlinked descriptors is going to go away. Please use get/find descriptors from generated code or query the descriptor_pool.
    _descriptor.FieldDescriptor(

..\..\..\AppData\Roaming\Python\Python312\site-packages\paddle\base\proto\data_feed_pb2.py:64
  C:\Users\siddh\AppData\Roaming\Python\Python312\site-packages\paddle\base\proto\data_feed_pb2.py:64: DeprecationWarning: Call to deprecated create function FieldDescriptor(). Note: Create unlinked descriptors is going to go away. Please use get/find descriptors from generated code or query the descriptor_pool.
    _descriptor.FieldDescriptor(

..\..\..\AppData\Roaming\Python\Python312\site-packages\paddle\base\proto\data_feed_pb2.py:29
  C:\Users\siddh\AppData\Roaming\Python\Python312\site-packages\paddle\base\proto\data_feed_pb2.py:29: DeprecationWarning: Call to deprecated create function Descriptor(). Note: Create unlinked descriptors is going to go away. Please use get/find descriptors from generated code or query the descriptor_pool.
    _SLOT = _descriptor.Descriptor(

..\..\..\AppData\Roaming\Python\Python312\site-packages\paddle\base\proto\data_feed_pb2.py:95
  C:\Users\siddh\AppData\Roaming\Python\Python312\site-packages\paddle\base\proto\data_feed_pb2.py:95: DeprecationWarning: Call to deprecated create function FieldDescriptor(). Note: Create unlinked descriptors is going to go away. Please use get/find descriptors from generated code or query the descriptor_pool.
    _descriptor.FieldDescriptor(

..\..\..\AppData\Roaming\Python\Python312\site-packages\paddle\base\proto\data_feed_pb2.py:102
  C:\Users\siddh\AppData\Roaming\Python\Python312\site-packages\paddle\base\proto\data_feed_pb2.py:102: DeprecationWarning: Call to deprecated create function FieldDescriptor(). Note: Create unlinked descriptors is going to go away. Please use get/find descriptors from generated code or query the descriptor_pool.
    _descriptor.FieldDescriptor(

..\..\..\AppData\Roaming\Python\Python312\site-packages\paddle\base\proto\data_feed_pb2.py:88
  C:\Users\siddh\AppData\Roaming\Python\Python312\site-packages\paddle\base\proto\data_feed_pb2.py:88: DeprecationWarning: Call to deprecated create function Descriptor(). Note: Create unlinked descriptors is going to go away. Please use get/find descriptors from generated code or query the descriptor_pool.
    _MULTISLOTDESC = _descriptor.Descriptor(

..\..\..\AppData\Roaming\Python\Python312\site-packages\paddle\base\proto\data_feed_pb2.py:133
  C:\Users\siddh\AppData\Roaming\Python\Python312\site-packages\paddle\base\proto\data_feed_pb2.py:133: DeprecationWarning: Call to deprecated create function FieldDescriptor(). Note: Create unlinked descriptors is going to go away. Please use get/find descriptors from generated code or query the descriptor_pool.
    _descriptor.FieldDescriptor(

..\..\..\AppData\Roaming\Python\Python312\site-packages\paddle\base\proto\data_feed_pb2.py:140
  C:\Users\siddh\AppData\Roaming\Python\Python312\site-packages\paddle\base\proto\data_feed_pb2.py:140: DeprecationWarning: Call to deprecated create function FieldDescriptor(). Note: Create unlinked descriptors is going to go away. Please use get/find descriptors from generated code or query the descriptor_pool.
    _descriptor.FieldDescriptor(

..\..\..\AppData\Roaming\Python\Python312\site-packages\paddle\base\proto\data_feed_pb2.py:147
  C:\Users\siddh\AppData\Roaming\Python\Python312\site-packages\paddle\base\proto\data_feed_pb2.py:147: DeprecationWarning: Call to deprecated create function FieldDescriptor(). Note: Create unlinked descriptors is going to go away. Please use get/find descriptors from generated code or query the descriptor_pool.
    _descriptor.FieldDescriptor(

..\..\..\AppData\Roaming\Python\Python312\site-packages\paddle\base\proto\data_feed_pb2.py:154
  C:\Users\siddh\AppData\Roaming\Python\Python312\site-packages\paddle\base\proto\data_feed_pb2.py:154: DeprecationWarning: Call to deprecated create function FieldDescriptor(). Note: Create unlinked descriptors is going to go away. Please use get/find descriptors from generated code or query the descriptor_pool.
    _descriptor.FieldDescriptor(

..\..\..\AppData\Roaming\Python\Python312\site-packages\paddle\base\proto\data_feed_pb2.py:161
  C:\Users\siddh\AppData\Roaming\Python\Python312\site-packages\paddle\base\proto\data_feed_pb2.py:161: DeprecationWarning: Call to deprecated create function FieldDescriptor(). Note: Create unlinked descriptors is going to go away. Please use get/find descriptors from generated code or query the descriptor_pool.
    _descriptor.FieldDescriptor(

..\..\..\AppData\Roaming\Python\Python312\site-packages\paddle\base\proto\data_feed_pb2.py:168
  C:\Users\siddh\AppData\Roaming\Python\Python312\site-packages\paddle\base\proto\data_feed_pb2.py:168: DeprecationWarning: Call to deprecated create function FieldDescriptor(). Note: Create unlinked descriptors is going to go away. Please use get/find descriptors from generated code or query the descriptor_pool.
    _descriptor.FieldDescriptor(

..\..\..\AppData\Roaming\Python\Python312\site-packages\paddle\base\proto\data_feed_pb2.py:175
  C:\Users\siddh\AppData\Roaming\Python\Python312\site-packages\paddle\base\proto\data_feed_pb2.py:175: DeprecationWarning: Call to deprecated create function FieldDescriptor(). Note: Create unlinked descriptors is going to go away. Please use get/find descriptors from generated code or query the descriptor_pool.
    _descriptor.FieldDescriptor(

..\..\..\AppData\Roaming\Python\Python312\site-packages\paddle\base\proto\data_feed_pb2.py:182
  C:\Users\siddh\AppData\Roaming\Python\Python312\site-packages\paddle\base\proto\data_feed_pb2.py:182: DeprecationWarning: Call to deprecated create function FieldDescriptor(). Note: Create unlinked descriptors is going to go away. Please use get/find descriptors from generated code or query the descriptor_pool.
    _descriptor.FieldDescriptor(

..\..\..\AppData\Roaming\Python\Python312\site-packages\paddle\base\proto\data_feed_pb2.py:189
  C:\Users\siddh\AppData\Roaming\Python\Python312\site-packages\paddle\base\proto\data_feed_pb2.py:189: DeprecationWarning: Call to deprecated create function FieldDescriptor(). Note: Create unlinked descriptors is going to go away. Please use get/find descriptors from generated code or query the descriptor_pool.
    _descriptor.FieldDescriptor(

..\..\..\AppData\Roaming\Python\Python312\site-packages\paddle\base\proto\data_feed_pb2.py:196
  C:\Users\siddh\AppData\Roaming\Python\Python312\site-packages\paddle\base\proto\data_feed_pb2.py:196: DeprecationWarning: Call to deprecated create function FieldDescriptor(). Note: Create unlinked descriptors is going to go away. Please use get/find descriptors from generated code or query the descriptor_pool.
    _descriptor.FieldDescriptor(

..\..\..\AppData\Roaming\Python\Python312\site-packages\paddle\base\proto\data_feed_pb2.py:203
  C:\Users\siddh\AppData\Roaming\Python\Python312\site-packages\paddle\base\proto\data_feed_pb2.py:203: DeprecationWarning: Call to deprecated create function FieldDescriptor(). Note: Create unlinked descriptors is going to go away. Please use get/find descriptors from generated code or query the descriptor_pool.
    _descriptor.FieldDescriptor(

..\..\..\AppData\Roaming\Python\Python312\site-packages\paddle\base\proto\data_feed_pb2.py:210
  C:\Users\siddh\AppData\Roaming\Python\Python312\site-packages\paddle\base\proto\data_feed_pb2.py:210: DeprecationWarning: Call to deprecated create function FieldDescriptor(). Note: Create unlinked descriptors is going to go away. Please use get/find descriptors from generated code or query the descriptor_pool.
    _descriptor.FieldDescriptor(

..\..\..\AppData\Roaming\Python\Python312\site-packages\paddle\base\proto\data_feed_pb2.py:217
  C:\Users\siddh\AppData\Roaming\Python\Python312\site-packages\paddle\base\proto\data_feed_pb2.py:217: DeprecationWarning: Call to deprecated create function FieldDescriptor(). Note: Create unlinked descriptors is going to go away. Please use get/find descriptors from generated code or query the descriptor_pool.
    _descriptor.FieldDescriptor(

..\..\..\AppData\Roaming\Python\Python312\site-packages\paddle\base\proto\data_feed_pb2.py:224
  C:\Users\siddh\AppData\Roaming\Python\Python312\site-packages\paddle\base\proto\data_feed_pb2.py:224: DeprecationWarning: Call to deprecated create function FieldDescriptor(). Note: Create unlinked descriptors is going to go away. Please use get/find descriptors from generated code or query the descriptor_pool.
    _descriptor.FieldDescriptor(

..\..\..\AppData\Roaming\Python\Python312\site-packages\paddle\base\proto\data_feed_pb2.py:231
  C:\Users\siddh\AppData\Roaming\Python\Python312\site-packages\paddle\base\proto\data_feed_pb2.py:231: DeprecationWarning: Call to deprecated create function FieldDescriptor(). Note: Create unlinked descriptors is going to go away. Please use get/find descriptors from generated code or query the descriptor_pool.
    _descriptor.FieldDescriptor(

..\..\..\AppData\Roaming\Python\Python312\site-packages\paddle\base\proto\data_feed_pb2.py:238
  C:\Users\siddh\AppData\Roaming\Python\Python312\site-packages\paddle\base\proto\data_feed_pb2.py:238: DeprecationWarning: Call to deprecated create function FieldDescriptor(). Note: Create unlinked descriptors is going to go away. Please use get/find descriptors from generated code or query the descriptor_pool.
    _descriptor.FieldDescriptor(

..\..\..\AppData\Roaming\Python\Python312\site-packages\paddle\base\proto\data_feed_pb2.py:245
  C:\Users\siddh\AppData\Roaming\Python\Python312\site-packages\paddle\base\proto\data_feed_pb2.py:245: DeprecationWarning: Call to deprecated create function FieldDescriptor(). Note: Create unlinked descriptors is going to go away. Please use get/find descriptors from generated code or query the descriptor_pool.
    _descriptor.FieldDescriptor(

..\..\..\AppData\Roaming\Python\Python312\site-packages\paddle\base\proto\data_feed_pb2.py:252
  C:\Users\siddh\AppData\Roaming\Python\Python312\site-packages\paddle\base\proto\data_feed_pb2.py:252: DeprecationWarning: Call to deprecated create function FieldDescriptor(). Note: Create unlinked descriptors is going to go away. Please use get/find descriptors from generated code or query the descriptor_pool.
    _descriptor.FieldDescriptor(

..\..\..\AppData\Roaming\Python\Python312\site-packages\paddle\base\proto\data_feed_pb2.py:259
  C:\Users\siddh\AppData\Roaming\Python\Python312\site-packages\paddle\base\proto\data_feed_pb2.py:259: DeprecationWarning: Call to deprecated create function FieldDescriptor(). Note: Create unlinked descriptors is going to go away. Please use get/find descriptors from generated code or query the descriptor_pool.
    _descriptor.FieldDescriptor(

..\..\..\AppData\Roaming\Python\Python312\site-packages\paddle\base\proto\data_feed_pb2.py:266
  C:\Users\siddh\AppData\Roaming\Python\Python312\site-packages\paddle\base\proto\data_feed_pb2.py:266: DeprecationWarning: Call to deprecated create function FieldDescriptor(). Note: Create unlinked descriptors is going to go away. Please use get/find descriptors from generated code or query the descriptor_pool.
    _descriptor.FieldDescriptor(

..\..\..\AppData\Roaming\Python\Python312\site-packages\paddle\base\proto\data_feed_pb2.py:273
  C:\Users\siddh\AppData\Roaming\Python\Python312\site-packages\paddle\base\proto\data_feed_pb2.py:273: DeprecationWarning: Call to deprecated create function FieldDescriptor(). Note: Create unlinked descriptors is going to go away. Please use get/find descriptors from generated code or query the descriptor_pool.
    _descriptor.FieldDescriptor(

..\..\..\AppData\Roaming\Python\Python312\site-packages\paddle\base\proto\data_feed_pb2.py:280
  C:\Users\siddh\AppData\Roaming\Python\Python312\site-packages\paddle\base\proto\data_feed_pb2.py:280: DeprecationWarning: Call to deprecated create function FieldDescriptor(). Note: Create unlinked descriptors is going to go away. Please use get/find descriptors from generated code or query the descriptor_pool.
    _descriptor.FieldDescriptor(

..\..\..\AppData\Roaming\Python\Python312\site-packages\paddle\base\proto\data_feed_pb2.py:126
  C:\Users\siddh\AppData\Roaming\Python\Python312\site-packages\paddle\base\proto\data_feed_pb2.py:126: DeprecationWarning: Call to deprecated create function Descriptor(). Note: Create unlinked descriptors is going to go away. Please use get/find descriptors from generated code or query the descriptor_pool.
    _GRAPHCONFIG = _descriptor.Descriptor(

..\..\..\AppData\Roaming\Python\Python312\site-packages\paddle\base\proto\data_feed_pb2.py:311
  C:\Users\siddh\AppData\Roaming\Python\Python312\site-packages\paddle\base\proto\data_feed_pb2.py:311: DeprecationWarning: Call to deprecated create function FieldDescriptor(). Note: Create unlinked descriptors is going to go away. Please use get/find descriptors from generated code or query the descriptor_pool.
    _descriptor.FieldDescriptor(

..\..\..\AppData\Roaming\Python\Python312\site-packages\paddle\base\proto\data_feed_pb2.py:318
  C:\Users\siddh\AppData\Roaming\Python\Python312\site-packages\paddle\base\proto\data_feed_pb2.py:318: DeprecationWarning: Call to deprecated create function FieldDescriptor(). Note: Create unlinked descriptors is going to go away. Please use get/find descriptors from generated code or query the descriptor_pool.
    _descriptor.FieldDescriptor(

..\..\..\AppData\Roaming\Python\Python312\site-packages\paddle\base\proto\data_feed_pb2.py:325
  C:\Users\siddh\AppData\Roaming\Python\Python312\site-packages\paddle\base\proto\data_feed_pb2.py:325: DeprecationWarning: Call to deprecated create function FieldDescriptor(). Note: Create unlinked descriptors is going to go away. Please use get/find descriptors from generated code or query the descriptor_pool.
    _descriptor.FieldDescriptor(

..\..\..\AppData\Roaming\Python\Python312\site-packages\paddle\base\proto\data_feed_pb2.py:332
  C:\Users\siddh\AppData\Roaming\Python\Python312\site-packages\paddle\base\proto\data_feed_pb2.py:332: DeprecationWarning: Call to deprecated create function FieldDescriptor(). Note: Create unlinked descriptors is going to go away. Please use get/find descriptors from generated code or query the descriptor_pool.
    _descriptor.FieldDescriptor(

..\..\..\AppData\Roaming\Python\Python312\site-packages\paddle\base\proto\data_feed_pb2.py:339
  C:\Users\siddh\AppData\Roaming\Python\Python312\site-packages\paddle\base\proto\data_feed_pb2.py:339: DeprecationWarning: Call to deprecated create function FieldDescriptor(). Note: Create unlinked descriptors is going to go away. Please use get/find descriptors from generated code or query the descriptor_pool.
    _descriptor.FieldDescriptor(

..\..\..\AppData\Roaming\Python\Python312\site-packages\paddle\base\proto\data_feed_pb2.py:346
  C:\Users\siddh\AppData\Roaming\Python\Python312\site-packages\paddle\base\proto\data_feed_pb2.py:346: DeprecationWarning: Call to deprecated create function FieldDescriptor(). Note: Create unlinked descriptors is going to go away. Please use get/find descriptors from generated code or query the descriptor_pool.
    _descriptor.FieldDescriptor(

..\..\..\AppData\Roaming\Python\Python312\site-packages\paddle\base\proto\data_feed_pb2.py:353
  C:\Users\siddh\AppData\Roaming\Python\Python312\site-packages\paddle\base\proto\data_feed_pb2.py:353: DeprecationWarning: Call to deprecated create function FieldDescriptor(). Note: Create unlinked descriptors is going to go away. Please use get/find descriptors from generated code or query the descriptor_pool.
    _descriptor.FieldDescriptor(

..\..\..\AppData\Roaming\Python\Python312\site-packages\paddle\base\proto\data_feed_pb2.py:360
  C:\Users\siddh\AppData\Roaming\Python\Python312\site-packages\paddle\base\proto\data_feed_pb2.py:360: DeprecationWarning: Call to deprecated create function FieldDescriptor(). Note: Create unlinked descriptors is going to go away. Please use get/find descriptors from generated code or query the descriptor_pool.
    _descriptor.FieldDescriptor(

..\..\..\AppData\Roaming\Python\Python312\site-packages\paddle\base\proto\data_feed_pb2.py:367
  C:\Users\siddh\AppData\Roaming\Python\Python312\site-packages\paddle\base\proto\data_feed_pb2.py:367: DeprecationWarning: Call to deprecated create function FieldDescriptor(). Note: Create unlinked descriptors is going to go away. Please use get/find descriptors from generated code or query the descriptor_pool.
    _descriptor.FieldDescriptor(

..\..\..\AppData\Roaming\Python\Python312\site-packages\paddle\base\proto\data_feed_pb2.py:374
  C:\Users\siddh\AppData\Roaming\Python\Python312\site-packages\paddle\base\proto\data_feed_pb2.py:374: DeprecationWarning: Call to deprecated create function FieldDescriptor(). Note: Create unlinked descriptors is going to go away. Please use get/find descriptors from generated code or query the descriptor_pool.
    _descriptor.FieldDescriptor(

..\..\..\AppData\Roaming\Python\Python312\site-packages\paddle\base\proto\data_feed_pb2.py:304
  C:\Users\siddh\AppData\Roaming\Python\Python312\site-packages\paddle\base\proto\data_feed_pb2.py:304: DeprecationWarning: Call to deprecated create function Descriptor(). Note: Create unlinked descriptors is going to go away. Please use get/find descriptors from generated code or query the descriptor_pool.
    _DATAFEEDDESC = _descriptor.Descriptor(

..\..\..\AppData\Roaming\Python\Python312\site-packages\paddle\base\proto\framework_pb2.py:19
  C:\Users\siddh\AppData\Roaming\Python\Python312\site-packages\paddle\base\proto\framework_pb2.py:19: DeprecationWarning: Call to deprecated create function FileDescriptor(). Note: Create unlinked descriptors is going to go away. Please use get/find descriptors from generated code or query the descriptor_pool.
    DESCRIPTOR = _descriptor.FileDescriptor(

..\..\..\AppData\Roaming\Python\Python312\site-packages\paddle\base\proto\framework_pb2.py:33
  C:\Users\siddh\AppData\Roaming\Python\Python312\site-packages\paddle\base\proto\framework_pb2.py:33: DeprecationWarning: Call to deprecated create function EnumValueDescriptor(). Note: Create unlinked descriptors is going to go away. Please use get/find descriptors from generated code or query the descriptor_pool.
    _descriptor.EnumValueDescriptor(

..\..\..\AppData\Roaming\Python\Python312\site-packages\paddle\base\proto\framework_pb2.py:37
  C:\Users\siddh\AppData\Roaming\Python\Python312\site-packages\paddle\base\proto\framework_pb2.py:37: DeprecationWarning: Call to deprecated create function EnumValueDescriptor(). Note: Create unlinked descriptors is going to go away. Please use get/find descriptors from generated code or query the descriptor_pool.
    _descriptor.EnumValueDescriptor(

..\..\..\AppData\Roaming\Python\Python312\site-packages\paddle\base\proto\framework_pb2.py:41
  C:\Users\siddh\AppData\Roaming\Python\Python312\site-packages\paddle\base\proto\framework_pb2.py:41: DeprecationWarning: Call to deprecated create function EnumValueDescriptor(). Note: Create unlinked descriptors is going to go away. Please use get/find descriptors from generated code or query the descriptor_pool.
    _descriptor.EnumValueDescriptor(

..\..\..\AppData\Roaming\Python\Python312\site-packages\paddle\base\proto\framework_pb2.py:45
  C:\Users\siddh\AppData\Roaming\Python\Python312\site-packages\paddle\base\proto\framework_pb2.py:45: DeprecationWarning: Call to deprecated create function EnumValueDescriptor(). Note: Create unlinked descriptors is going to go away. Please use get/find descriptors from generated code or query the descriptor_pool.
    _descriptor.EnumValueDescriptor(

..\..\..\AppData\Roaming\Python\Python312\site-packages\paddle\base\proto\framework_pb2.py:49
  C:\Users\siddh\AppData\Roaming\Python\Python312\site-packages\paddle\base\proto\framework_pb2.py:49: DeprecationWarning: Call to deprecated create function EnumValueDescriptor(). Note: Create unlinked descriptors is going to go away. Please use get/find descriptors from generated code or query the descriptor_pool.
    _descriptor.EnumValueDescriptor(

..\..\..\AppData\Roaming\Python\Python312\site-packages\paddle\base\proto\framework_pb2.py:53
  C:\Users\siddh\AppData\Roaming\Python\Python312\site-packages\paddle\base\proto\framework_pb2.py:53: DeprecationWarning: Call to deprecated create function EnumValueDescriptor(). Note: Create unlinked descriptors is going to go away. Please use get/find descriptors from generated code or query the descriptor_pool.
    _descriptor.EnumValueDescriptor(

..\..\..\AppData\Roaming\Python\Python312\site-packages\paddle\base\proto\framework_pb2.py:57
  C:\Users\siddh\AppData\Roaming\Python\Python312\site-packages\paddle\base\proto\framework_pb2.py:57: DeprecationWarning: Call to deprecated create function EnumValueDescriptor(). Note: Create unlinked descriptors is going to go away. Please use get/find descriptors from generated code or query the descriptor_pool.
    _descriptor.EnumValueDescriptor(

..\..\..\AppData\Roaming\Python\Python312\site-packages\paddle\base\proto\framework_pb2.py:61
  C:\Users\siddh\AppData\Roaming\Python\Python312\site-packages\paddle\base\proto\framework_pb2.py:61: DeprecationWarning: Call to deprecated create function EnumValueDescriptor(). Note: Create unlinked descriptors is going to go away. Please use get/find descriptors from generated code or query the descriptor_pool.
    _descriptor.EnumValueDescriptor(

..\..\..\AppData\Roaming\Python\Python312\site-packages\paddle\base\proto\framework_pb2.py:65
  C:\Users\siddh\AppData\Roaming\Python\Python312\site-packages\paddle\base\proto\framework_pb2.py:65: DeprecationWarning: Call to deprecated create function EnumValueDescriptor(). Note: Create unlinked descriptors is going to go away. Please use get/find descriptors from generated code or query the descriptor_pool.
    _descriptor.EnumValueDescriptor(

..\..\..\AppData\Roaming\Python\Python312\site-packages\paddle\base\proto\framework_pb2.py:69
  C:\Users\siddh\AppData\Roaming\Python\Python312\site-packages\paddle\base\proto\framework_pb2.py:69: DeprecationWarning: Call to deprecated create function EnumValueDescriptor(). Note: Create unlinked descriptors is going to go away. Please use get/find descriptors from generated code or query the descriptor_pool.
    _descriptor.EnumValueDescriptor(

..\..\..\AppData\Roaming\Python\Python312\site-packages\paddle\base\proto\framework_pb2.py:73
  C:\Users\siddh\AppData\Roaming\Python\Python312\site-packages\paddle\base\proto\framework_pb2.py:73: DeprecationWarning: Call to deprecated create function EnumValueDescriptor(). Note: Create unlinked descriptors is going to go away. Please use get/find descriptors from generated code or query the descriptor_pool.
    _descriptor.EnumValueDescriptor(

..\..\..\AppData\Roaming\Python\Python312\site-packages\paddle\base\proto\framework_pb2.py:77
  C:\Users\siddh\AppData\Roaming\Python\Python312\site-packages\paddle\base\proto\framework_pb2.py:77: DeprecationWarning: Call to deprecated create function EnumValueDescriptor(). Note: Create unlinked descriptors is going to go away. Please use get/find descriptors from generated code or query the descriptor_pool.
    _descriptor.EnumValueDescriptor(

..\..\..\AppData\Roaming\Python\Python312\site-packages\paddle\base\proto\framework_pb2.py:81
  C:\Users\siddh\AppData\Roaming\Python\Python312\site-packages\paddle\base\proto\framework_pb2.py:81: DeprecationWarning: Call to deprecated create function EnumValueDescriptor(). Note: Create unlinked descriptors is going to go away. Please use get/find descriptors from generated code or query the descriptor_pool.
    _descriptor.EnumValueDescriptor(

..\..\..\AppData\Roaming\Python\Python312\site-packages\paddle\base\proto\framework_pb2.py:85
  C:\Users\siddh\AppData\Roaming\Python\Python312\site-packages\paddle\base\proto\framework_pb2.py:85: DeprecationWarning: Call to deprecated create function EnumValueDescriptor(). Note: Create unlinked descriptors is going to go away. Please use get/find descriptors from generated code or query the descriptor_pool.
    _descriptor.EnumValueDescriptor(

..\..\..\AppData\Roaming\Python\Python312\site-packages\paddle\base\proto\framework_pb2.py:89
  C:\Users\siddh\AppData\Roaming\Python\Python312\site-packages\paddle\base\proto\framework_pb2.py:89: DeprecationWarning: Call to deprecated create function EnumValueDescriptor(). Note: Create unlinked descriptors is going to go away. Please use get/find descriptors from generated code or query the descriptor_pool.
    _descriptor.EnumValueDescriptor(

..\..\..\AppData\Roaming\Python\Python312\site-packages\paddle\base\proto\framework_pb2.py:93
  C:\Users\siddh\AppData\Roaming\Python\Python312\site-packages\paddle\base\proto\framework_pb2.py:93: DeprecationWarning: Call to deprecated create function EnumValueDescriptor(). Note: Create unlinked descriptors is going to go away. Please use get/find descriptors from generated code or query the descriptor_pool.
    _descriptor.EnumValueDescriptor(

..\..\..\AppData\Roaming\Python\Python312\site-packages\paddle\base\proto\framework_pb2.py:97
  C:\Users\siddh\AppData\Roaming\Python\Python312\site-packages\paddle\base\proto\framework_pb2.py:97: DeprecationWarning: Call to deprecated create function EnumValueDescriptor(). Note: Create unlinked descriptors is going to go away. Please use get/find descriptors from generated code or query the descriptor_pool.
    _descriptor.EnumValueDescriptor(

..\..\..\AppData\Roaming\Python\Python312\site-packages\paddle\base\proto\framework_pb2.py:101
  C:\Users\siddh\AppData\Roaming\Python\Python312\site-packages\paddle\base\proto\framework_pb2.py:101: DeprecationWarning: Call to deprecated create function EnumValueDescriptor(). Note: Create unlinked descriptors is going to go away. Please use get/find descriptors from generated code or query the descriptor_pool.
    _descriptor.EnumValueDescriptor(

..\..\..\AppData\Roaming\Python\Python312\site-packages\paddle\base\proto\framework_pb2.py:27
  C:\Users\siddh\AppData\Roaming\Python\Python312\site-packages\paddle\base\proto\framework_pb2.py:27: DeprecationWarning: Call to deprecated create function EnumDescriptor(). Note: Create unlinked descriptors is going to go away. Please use get/find descriptors from generated code or query the descriptor_pool.
    _ATTRTYPE = _descriptor.EnumDescriptor(

..\..\..\AppData\Roaming\Python\Python312\site-packages\paddle\base\proto\framework_pb2.py:140
  C:\Users\siddh\AppData\Roaming\Python\Python312\site-packages\paddle\base\proto\framework_pb2.py:140: DeprecationWarning: Call to deprecated create function EnumValueDescriptor(). Note: Create unlinked descriptors is going to go away. Please use get/find descriptors from generated code or query the descriptor_pool.
    _descriptor.EnumValueDescriptor(

..\..\..\AppData\Roaming\Python\Python312\site-packages\paddle\base\proto\framework_pb2.py:144
  C:\Users\siddh\AppData\Roaming\Python\Python312\site-packages\paddle\base\proto\framework_pb2.py:144: DeprecationWarning: Call to deprecated create function EnumValueDescriptor(). Note: Create unlinked descriptors is going to go away. Please use get/find descriptors from generated code or query the descriptor_pool.
    _descriptor.EnumValueDescriptor(

..\..\..\AppData\Roaming\Python\Python312\site-packages\paddle\base\proto\framework_pb2.py:148
  C:\Users\siddh\AppData\Roaming\Python\Python312\site-packages\paddle\base\proto\framework_pb2.py:148: DeprecationWarning: Call to deprecated create function EnumValueDescriptor(). Note: Create unlinked descriptors is going to go away. Please use get/find descriptors from generated code or query the descriptor_pool.
    _descriptor.EnumValueDescriptor(

..\..\..\AppData\Roaming\Python\Python312\site-packages\paddle\base\proto\framework_pb2.py:152
  C:\Users\siddh\AppData\Roaming\Python\Python312\site-packages\paddle\base\proto\framework_pb2.py:152: DeprecationWarning: Call to deprecated create function EnumValueDescriptor(). Note: Create unlinked descriptors is going to go away. Please use get/find descriptors from generated code or query the descriptor_pool.
    _descriptor.EnumValueDescriptor(

..\..\..\AppData\Roaming\Python\Python312\site-packages\paddle\base\proto\framework_pb2.py:134
  C:\Users\siddh\AppData\Roaming\Python\Python312\site-packages\paddle\base\proto\framework_pb2.py:134: DeprecationWarning: Call to deprecated create function EnumDescriptor(). Note: Create unlinked descriptors is going to go away. Please use get/find descriptors from generated code or query the descriptor_pool.
    _SCALAR_TYPE = _descriptor.EnumDescriptor(

..\..\..\AppData\Roaming\Python\Python312\site-packages\paddle\base\proto\framework_pb2.py:170
  C:\Users\siddh\AppData\Roaming\Python\Python312\site-packages\paddle\base\proto\framework_pb2.py:170: DeprecationWarning: Call to deprecated create function EnumValueDescriptor(). Note: Create unlinked descriptors is going to go away. Please use get/find descriptors from generated code or query the descriptor_pool.
    _descriptor.EnumValueDescriptor(

..\..\..\AppData\Roaming\Python\Python312\site-packages\paddle\base\proto\framework_pb2.py:174
  C:\Users\siddh\AppData\Roaming\Python\Python312\site-packages\paddle\base\proto\framework_pb2.py:174: DeprecationWarning: Call to deprecated create function EnumValueDescriptor(). Note: Create unlinked descriptors is going to go away. Please use get/find descriptors from generated code or query the descriptor_pool.
    _descriptor.EnumValueDescriptor(

..\..\..\AppData\Roaming\Python\Python312\site-packages\paddle\base\proto\framework_pb2.py:178
  C:\Users\siddh\AppData\Roaming\Python\Python312\site-packages\paddle\base\proto\framework_pb2.py:178: DeprecationWarning: Call to deprecated create function EnumValueDescriptor(). Note: Create unlinked descriptors is going to go away. Please use get/find descriptors from generated code or query the descriptor_pool.
    _descriptor.EnumValueDescriptor(

..\..\..\AppData\Roaming\Python\Python312\site-packages\paddle\base\proto\framework_pb2.py:182
  C:\Users\siddh\AppData\Roaming\Python\Python312\site-packages\paddle\base\proto\framework_pb2.py:182: DeprecationWarning: Call to deprecated create function EnumValueDescriptor(). Note: Create unlinked descriptors is going to go away. Please use get/find descriptors from generated code or query the descriptor_pool.
    _descriptor.EnumValueDescriptor(

..\..\..\AppData\Roaming\Python\Python312\site-packages\paddle\base\proto\framework_pb2.py:186
  C:\Users\siddh\AppData\Roaming\Python\Python312\site-packages\paddle\base\proto\framework_pb2.py:186: DeprecationWarning: Call to deprecated create function EnumValueDescriptor(). Note: Create unlinked descriptors is going to go away. Please use get/find descriptors from generated code or query the descriptor_pool.
    _descriptor.EnumValueDescriptor(

..\..\..\AppData\Roaming\Python\Python312\site-packages\paddle\base\proto\framework_pb2.py:190
  C:\Users\siddh\AppData\Roaming\Python\Python312\site-packages\paddle\base\proto\framework_pb2.py:190: DeprecationWarning: Call to deprecated create function EnumValueDescriptor(). Note: Create unlinked descriptors is going to go away. Please use get/find descriptors from generated code or query the descriptor_pool.
    _descriptor.EnumValueDescriptor(

..\..\..\AppData\Roaming\Python\Python312\site-packages\paddle\base\proto\framework_pb2.py:194
  C:\Users\siddh\AppData\Roaming\Python\Python312\site-packages\paddle\base\proto\framework_pb2.py:194: DeprecationWarning: Call to deprecated create function EnumValueDescriptor(). Note: Create unlinked descriptors is going to go away. Please use get/find descriptors from generated code or query the descriptor_pool.
    _descriptor.EnumValueDescriptor(

..\..\..\AppData\Roaming\Python\Python312\site-packages\paddle\base\proto\framework_pb2.py:198
  C:\Users\siddh\AppData\Roaming\Python\Python312\site-packages\paddle\base\proto\framework_pb2.py:198: DeprecationWarning: Call to deprecated create function EnumValueDescriptor(). Note: Create unlinked descriptors is going to go away. Please use get/find descriptors from generated code or query the descriptor_pool.
    _descriptor.EnumValueDescriptor(

..\..\..\AppData\Roaming\Python\Python312\site-packages\paddle\base\proto\framework_pb2.py:202
  C:\Users\siddh\AppData\Roaming\Python\Python312\site-packages\paddle\base\proto\framework_pb2.py:202: DeprecationWarning: Call to deprecated create function EnumValueDescriptor(). Note: Create unlinked descriptors is going to go away. Please use get/find descriptors from generated code or query the descriptor_pool.
    _descriptor.EnumValueDescriptor(

..\..\..\AppData\Roaming\Python\Python312\site-packages\paddle\base\proto\framework_pb2.py:206
  C:\Users\siddh\AppData\Roaming\Python\Python312\site-packages\paddle\base\proto\framework_pb2.py:206: DeprecationWarning: Call to deprecated create function EnumValueDescriptor(). Note: Create unlinked descriptors is going to go away. Please use get/find descriptors from generated code or query the descriptor_pool.
    _descriptor.EnumValueDescriptor(

..\..\..\AppData\Roaming\Python\Python312\site-packages\paddle\base\proto\framework_pb2.py:210
  C:\Users\siddh\AppData\Roaming\Python\Python312\site-packages\paddle\base\proto\framework_pb2.py:210: DeprecationWarning: Call to deprecated create function EnumValueDescriptor(). Note: Create unlinked descriptors is going to go away. Please use get/find descriptors from generated code or query the descriptor_pool.
    _descriptor.EnumValueDescriptor(

..\..\..\AppData\Roaming\Python\Python312\site-packages\paddle\base\proto\framework_pb2.py:214
  C:\Users\siddh\AppData\Roaming\Python\Python312\site-packages\paddle\base\proto\framework_pb2.py:214: DeprecationWarning: Call to deprecated create function EnumValueDescriptor(). Note: Create unlinked descriptors is going to go away. Please use get/find descriptors from generated code or query the descriptor_pool.
    _descriptor.EnumValueDescriptor(

..\..\..\AppData\Roaming\Python\Python312\site-packages\paddle\base\proto\framework_pb2.py:218
  C:\Users\siddh\AppData\Roaming\Python\Python312\site-packages\paddle\base\proto\framework_pb2.py:218: DeprecationWarning: Call to deprecated create function EnumValueDescriptor(). Note: Create unlinked descriptors is going to go away. Please use get/find descriptors from generated code or query the descriptor_pool.
    _descriptor.EnumValueDescriptor(

..\..\..\AppData\Roaming\Python\Python312\site-packages\paddle\base\proto\framework_pb2.py:222
  C:\Users\siddh\AppData\Roaming\Python\Python312\site-packages\paddle\base\proto\framework_pb2.py:222: DeprecationWarning: Call to deprecated create function EnumValueDescriptor(). Note: Create unlinked descriptors is going to go away. Please use get/find descriptors from generated code or query the descriptor_pool.
    _descriptor.EnumValueDescriptor(

..\..\..\AppData\Roaming\Python\Python312\site-packages\paddle\base\proto\framework_pb2.py:226
  C:\Users\siddh\AppData\Roaming\Python\Python312\site-packages\paddle\base\proto\framework_pb2.py:226: DeprecationWarning: Call to deprecated create function EnumValueDescriptor(). Note: Create unlinked descriptors is going to go away. Please use get/find descriptors from generated code or query the descriptor_pool.
    _descriptor.EnumValueDescriptor(

..\..\..\AppData\Roaming\Python\Python312\site-packages\paddle\base\proto\framework_pb2.py:230
  C:\Users\siddh\AppData\Roaming\Python\Python312\site-packages\paddle\base\proto\framework_pb2.py:230: DeprecationWarning: Call to deprecated create function EnumValueDescriptor(). Note: Create unlinked descriptors is going to go away. Please use get/find descriptors from generated code or query the descriptor_pool.
    _descriptor.EnumValueDescriptor(

..\..\..\AppData\Roaming\Python\Python312\site-packages\paddle\base\proto\framework_pb2.py:234
  C:\Users\siddh\AppData\Roaming\Python\Python312\site-packages\paddle\base\proto\framework_pb2.py:234: DeprecationWarning: Call to deprecated create function EnumValueDescriptor(). Note: Create unlinked descriptors is going to go away. Please use get/find descriptors from generated code or query the descriptor_pool.
    _descriptor.EnumValueDescriptor(

..\..\..\AppData\Roaming\Python\Python312\site-packages\paddle\base\proto\framework_pb2.py:238
  C:\Users\siddh\AppData\Roaming\Python\Python312\site-packages\paddle\base\proto\framework_pb2.py:238: DeprecationWarning: Call to deprecated create function EnumValueDescriptor(). Note: Create unlinked descriptors is going to go away. Please use get/find descriptors from generated code or query the descriptor_pool.
    _descriptor.EnumValueDescriptor(

..\..\..\AppData\Roaming\Python\Python312\site-packages\paddle\base\proto\framework_pb2.py:242
  C:\Users\siddh\AppData\Roaming\Python\Python312\site-packages\paddle\base\proto\framework_pb2.py:242: DeprecationWarning: Call to deprecated create function EnumValueDescriptor(). Note: Create unlinked descriptors is going to go away. Please use get/find descriptors from generated code or query the descriptor_pool.
    _descriptor.EnumValueDescriptor(

..\..\..\AppData\Roaming\Python\Python312\site-packages\paddle\base\proto\framework_pb2.py:246
  C:\Users\siddh\AppData\Roaming\Python\Python312\site-packages\paddle\base\proto\framework_pb2.py:246: DeprecationWarning: Call to deprecated create function EnumValueDescriptor(). Note: Create unlinked descriptors is going to go away. Please use get/find descriptors from generated code or query the descriptor_pool.
    _descriptor.EnumValueDescriptor(

..\..\..\AppData\Roaming\Python\Python312\site-packages\paddle\base\proto\framework_pb2.py:250
  C:\Users\siddh\AppData\Roaming\Python\Python312\site-packages\paddle\base\proto\framework_pb2.py:250: DeprecationWarning: Call to deprecated create function EnumValueDescriptor(). Note: Create unlinked descriptors is going to go away. Please use get/find descriptors from generated code or query the descriptor_pool.
    _descriptor.EnumValueDescriptor(

..\..\..\AppData\Roaming\Python\Python312\site-packages\paddle\base\proto\framework_pb2.py:254
  C:\Users\siddh\AppData\Roaming\Python\Python312\site-packages\paddle\base\proto\framework_pb2.py:254: DeprecationWarning: Call to deprecated create function EnumValueDescriptor(). Note: Create unlinked descriptors is going to go away. Please use get/find descriptors from generated code or query the descriptor_pool.
    _descriptor.EnumValueDescriptor(

..\..\..\AppData\Roaming\Python\Python312\site-packages\paddle\base\proto\framework_pb2.py:258
  C:\Users\siddh\AppData\Roaming\Python\Python312\site-packages\paddle\base\proto\framework_pb2.py:258: DeprecationWarning: Call to deprecated create function EnumValueDescriptor(). Note: Create unlinked descriptors is going to go away. Please use get/find descriptors from generated code or query the descriptor_pool.
    _descriptor.EnumValueDescriptor(

..\..\..\AppData\Roaming\Python\Python312\site-packages\paddle\base\proto\framework_pb2.py:262
  C:\Users\siddh\AppData\Roaming\Python\Python312\site-packages\paddle\base\proto\framework_pb2.py:262: DeprecationWarning: Call to deprecated create function EnumValueDescriptor(). Note: Create unlinked descriptors is going to go away. Please use get/find descriptors from generated code or query the descriptor_pool.
    _descriptor.EnumValueDescriptor(

..\..\..\AppData\Roaming\Python\Python312\site-packages\paddle\base\proto\framework_pb2.py:266
  C:\Users\siddh\AppData\Roaming\Python\Python312\site-packages\paddle\base\proto\framework_pb2.py:266: DeprecationWarning: Call to deprecated create function EnumValueDescriptor(). Note: Create unlinked descriptors is going to go away. Please use get/find descriptors from generated code or query the descriptor_pool.
    _descriptor.EnumValueDescriptor(

..\..\..\AppData\Roaming\Python\Python312\site-packages\paddle\base\proto\framework_pb2.py:270
  C:\Users\siddh\AppData\Roaming\Python\Python312\site-packages\paddle\base\proto\framework_pb2.py:270: DeprecationWarning: Call to deprecated create function EnumValueDescriptor(). Note: Create unlinked descriptors is going to go away. Please use get/find descriptors from generated code or query the descriptor_pool.
    _descriptor.EnumValueDescriptor(

..\..\..\AppData\Roaming\Python\Python312\site-packages\paddle\base\proto\framework_pb2.py:274
  C:\Users\siddh\AppData\Roaming\Python\Python312\site-packages\paddle\base\proto\framework_pb2.py:274: DeprecationWarning: Call to deprecated create function EnumValueDescriptor(). Note: Create unlinked descriptors is going to go away. Please use get/find descriptors from generated code or query the descriptor_pool.
    _descriptor.EnumValueDescriptor(

..\..\..\AppData\Roaming\Python\Python312\site-packages\paddle\base\proto\framework_pb2.py:278
  C:\Users\siddh\AppData\Roaming\Python\Python312\site-packages\paddle\base\proto\framework_pb2.py:278: DeprecationWarning: Call to deprecated create function EnumValueDescriptor(). Note: Create unlinked descriptors is going to go away. Please use get/find descriptors from generated code or query the descriptor_pool.
    _descriptor.EnumValueDescriptor(

..\..\..\AppData\Roaming\Python\Python312\site-packages\paddle\base\proto\framework_pb2.py:282
  C:\Users\siddh\AppData\Roaming\Python\Python312\site-packages\paddle\base\proto\framework_pb2.py:282: DeprecationWarning: Call to deprecated create function EnumValueDescriptor(). Note: Create unlinked descriptors is going to go away. Please use get/find descriptors from generated code or query the descriptor_pool.
    _descriptor.EnumValueDescriptor(

..\..\..\AppData\Roaming\Python\Python312\site-packages\paddle\base\proto\framework_pb2.py:286
  C:\Users\siddh\AppData\Roaming\Python\Python312\site-packages\paddle\base\proto\framework_pb2.py:286: DeprecationWarning: Call to deprecated create function EnumValueDescriptor(). Note: Create unlinked descriptors is going to go away. Please use get/find descriptors from generated code or query the descriptor_pool.
    _descriptor.EnumValueDescriptor(

..\..\..\AppData\Roaming\Python\Python312\site-packages\paddle\base\proto\framework_pb2.py:290
  C:\Users\siddh\AppData\Roaming\Python\Python312\site-packages\paddle\base\proto\framework_pb2.py:290: DeprecationWarning: Call to deprecated create function EnumValueDescriptor(). Note: Create unlinked descriptors is going to go away. Please use get/find descriptors from generated code or query the descriptor_pool.
    _descriptor.EnumValueDescriptor(

..\..\..\AppData\Roaming\Python\Python312\site-packages\setuptools\command\easy_install.py:41
  C:\Users\siddh\AppData\Roaming\Python\Python312\site-packages\setuptools\command\easy_install.py:41: DeprecationWarning: pkg_resources is deprecated as an API. See https://setuptools.pypa.io/en/latest/pkg_resources.html
    import pkg_resources

..\..\..\AppData\Roaming\Python\Python312\site-packages\pkg_resources\__init__.py:3142
..\..\..\AppData\Roaming\Python\Python312\site-packages\pkg_resources\__init__.py:3142
  C:\Users\siddh\AppData\Roaming\Python\Python312\site-packages\pkg_resources\__init__.py:3142: DeprecationWarning: Deprecated call to `pkg_resources.declare_namespace('google')`.
  Implementing implicit namespace packages (as specified in PEP 420) is preferred to `pkg_resources.declare_namespace`. See https://setuptools.pypa.io/en/latest/references/keywords.html#keyword-namespace-packages
    declare_namespace(pkg)

..\..\..\AppData\Roaming\Python\Python312\site-packages\astor\op_util.py:92
  C:\Users\siddh\AppData\Roaming\Python\Python312\site-packages\astor\op_util.py:92: DeprecationWarning: ast.Num is deprecated and will be removed in Python 3.14; use ast.Constant instead
    precedence_data = dict((getattr(ast, x, None), z) for x, y, z in op_data)

-- Docs: https://docs.pytest.org/en/stable/how-to/capture-warnings.html
======================= 7 passed, 106 warnings in 2.96s =======================
